2021-12-15 15:23:12,186 - INFO - Current time: Wed Dec 15 15:23:12 2021
2021-12-15 15:23:14,192 - INFO - Current time: Wed Dec 15 15:23:14 2021
2021-12-15 15:23:16,202 - INFO - Current time: Wed Dec 15 15:23:16 2021
2021-12-15 15:23:25,748 - INFO - Current time: Wed Dec 15 15:23:25 2021
2021-12-15 15:23:25,871 - INFO - Current time: Wed Dec 15 15:23:25 2021
2021-12-15 15:23:25,979 - INFO - Current time: Wed Dec 15 15:23:25 2021
2021-12-15 15:23:26,090 - INFO - Current time: Wed Dec 15 15:23:26 2021
2021-12-15 15:23:26,198 - INFO - Current time: Wed Dec 15 15:23:26 2021
2021-12-15 15:23:26,308 - INFO - Current time: Wed Dec 15 15:23:26 2021
2021-12-15 15:23:26,417 - INFO - Current time: Wed Dec 15 15:23:26 2021
2021-12-15 15:23:26,541 - INFO - Current time: Wed Dec 15 15:23:26 2021
2021-12-15 15:23:26,649 - INFO - Current time: Wed Dec 15 15:23:26 2021
2021-12-15 15:23:26,758 - INFO - Current time: Wed Dec 15 15:23:26 2021
2021-12-15 15:23:26,869 - INFO - Current time: Wed Dec 15 15:23:26 2021
2021-12-15 15:23:26,977 - INFO - Current time: Wed Dec 15 15:23:26 2021
2021-12-15 15:23:27,086 - INFO - Current time: Wed Dec 15 15:23:27 2021
2021-12-15 15:23:27,196 - INFO - Current time: Wed Dec 15 15:23:27 2021
2021-12-15 15:23:27,305 - INFO - Current time: Wed Dec 15 15:23:27 2021
2021-12-15 15:23:27,412 - INFO - Current time: Wed Dec 15 15:23:27 2021
2021-12-15 15:23:27,522 - INFO - Current time: Wed Dec 15 15:23:27 2021
2021-12-15 15:23:27,630 - INFO - Current time: Wed Dec 15 15:23:27 2021
2021-12-15 15:23:27,739 - INFO - Current time: Wed Dec 15 15:23:27 2021
2021-12-15 15:23:27,849 - INFO - Current time: Wed Dec 15 15:23:27 2021
2021-12-15 15:23:27,960 - INFO - Current time: Wed Dec 15 15:23:27 2021
2021-12-15 15:23:28,069 - INFO - Current time: Wed Dec 15 15:23:28 2021
2021-12-15 15:23:28,178 - INFO - Current time: Wed Dec 15 15:23:28 2021
2021-12-15 15:23:28,288 - INFO - Current time: Wed Dec 15 15:23:28 2021
2021-12-15 15:23:28,398 - INFO - Current time: Wed Dec 15 15:23:28 2021
2021-12-15 15:23:28,508 - INFO - Current time: Wed Dec 15 15:23:28 2021
2021-12-15 15:23:28,616 - INFO - Current time: Wed Dec 15 15:23:28 2021
2021-12-15 15:23:28,725 - INFO - Current time: Wed Dec 15 15:23:28 2021
2021-12-15 15:23:28,834 - INFO - Current time: Wed Dec 15 15:23:28 2021
2021-12-15 15:23:28,944 - INFO - Current time: Wed Dec 15 15:23:28 2021
2021-12-15 15:23:29,052 - INFO - Current time: Wed Dec 15 15:23:29 2021
2021-12-15 15:23:29,160 - INFO - Current time: Wed Dec 15 15:23:29 2021
2021-12-15 15:23:29,269 - INFO - Current time: Wed Dec 15 15:23:29 2021
2021-12-15 15:23:29,377 - INFO - Current time: Wed Dec 15 15:23:29 2021
2021-12-15 15:23:29,487 - INFO - Current time: Wed Dec 15 15:23:29 2021
2021-12-15 15:23:29,595 - INFO - Current time: Wed Dec 15 15:23:29 2021
2021-12-15 15:23:29,704 - INFO - Current time: Wed Dec 15 15:23:29 2021
2021-12-15 15:23:29,813 - INFO - Current time: Wed Dec 15 15:23:29 2021
2021-12-15 15:23:49,103 - INFO - Current time: Wed Dec 15 15:23:49 2021
2021-12-15 15:23:49,213 - INFO - Current time: Wed Dec 15 15:23:49 2021
2021-12-15 15:23:49,322 - INFO - Current time: Wed Dec 15 15:23:49 2021
2021-12-15 15:23:49,432 - INFO - Current time: Wed Dec 15 15:23:49 2021
2021-12-15 15:23:49,540 - INFO - Current time: Wed Dec 15 15:23:49 2021
2021-12-15 15:23:49,649 - INFO - Current time: Wed Dec 15 15:23:49 2021
2021-12-15 15:23:49,759 - INFO - Current time: Wed Dec 15 15:23:49 2021
2021-12-15 15:23:49,868 - INFO - Current time: Wed Dec 15 15:23:49 2021
2021-12-15 15:23:49,977 - INFO - Current time: Wed Dec 15 15:23:49 2021
2021-12-15 15:23:50,087 - INFO - Current time: Wed Dec 15 15:23:50 2021
2021-12-15 15:23:50,195 - INFO - Current time: Wed Dec 15 15:23:50 2021
2021-12-15 15:23:50,305 - INFO - Current time: Wed Dec 15 15:23:50 2021
2021-12-15 15:23:50,415 - INFO - Current time: Wed Dec 15 15:23:50 2021
2021-12-15 15:23:50,525 - INFO - Current time: Wed Dec 15 15:23:50 2021
2021-12-15 15:23:50,633 - INFO - Current time: Wed Dec 15 15:23:50 2021
2021-12-15 15:23:50,742 - INFO - Current time: Wed Dec 15 15:23:50 2021
2021-12-15 15:23:50,850 - INFO - Current time: Wed Dec 15 15:23:50 2021
2021-12-15 15:23:50,959 - INFO - Current time: Wed Dec 15 15:23:50 2021
2021-12-15 15:23:51,067 - INFO - Current time: Wed Dec 15 15:23:51 2021
2021-12-15 15:23:51,175 - INFO - Current time: Wed Dec 15 15:23:51 2021
2021-12-15 15:23:51,284 - INFO - Current time: Wed Dec 15 15:23:51 2021
2021-12-15 15:24:11,315 - INFO - Current time: Wed Dec 15 15:24:11 2021
2021-12-15 15:24:11,425 - INFO - Current time: Wed Dec 15 15:24:11 2021
2021-12-15 15:24:11,534 - INFO - Current time: Wed Dec 15 15:24:11 2021
2021-12-15 15:24:11,644 - INFO - Current time: Wed Dec 15 15:24:11 2021
2021-12-15 15:24:11,754 - INFO - Current time: Wed Dec 15 15:24:11 2021
2021-12-15 15:24:11,863 - INFO - Current time: Wed Dec 15 15:24:11 2021
2021-12-15 15:24:11,974 - INFO - Current time: Wed Dec 15 15:24:11 2021
2021-12-15 15:24:12,083 - INFO - Current time: Wed Dec 15 15:24:12 2021
2021-12-15 15:24:12,191 - INFO - Current time: Wed Dec 15 15:24:12 2021
2021-12-15 15:24:12,300 - INFO - Current time: Wed Dec 15 15:24:12 2021
2021-12-15 15:24:12,410 - INFO - Current time: Wed Dec 15 15:24:12 2021
2021-12-15 15:24:12,518 - INFO - Current time: Wed Dec 15 15:24:12 2021
2021-12-15 15:24:12,626 - INFO - Current time: Wed Dec 15 15:24:12 2021
2021-12-15 15:24:12,737 - INFO - Current time: Wed Dec 15 15:24:12 2021
2021-12-15 15:24:12,845 - INFO - Current time: Wed Dec 15 15:24:12 2021
2021-12-15 15:24:12,956 - INFO - Current time: Wed Dec 15 15:24:12 2021
2021-12-15 15:24:13,065 - INFO - Current time: Wed Dec 15 15:24:13 2021
2021-12-15 15:24:13,174 - INFO - Current time: Wed Dec 15 15:24:13 2021
2021-12-15 15:24:13,284 - INFO - Current time: Wed Dec 15 15:24:13 2021
2021-12-15 15:24:13,392 - INFO - Current time: Wed Dec 15 15:24:13 2021
2021-12-15 15:24:13,501 - INFO - Current time: Wed Dec 15 15:24:13 2021
2021-12-15 15:24:13,609 - INFO - Current time: Wed Dec 15 15:24:13 2021
2021-12-15 15:24:13,719 - INFO - Current time: Wed Dec 15 15:24:13 2021
2021-12-15 15:24:13,830 - INFO - Current time: Wed Dec 15 15:24:13 2021
2021-12-15 15:24:13,939 - INFO - Current time: Wed Dec 15 15:24:13 2021
2021-12-15 15:24:23,162 - INFO - Current time: Wed Dec 15 15:24:23 2021
2021-12-15 15:24:23,270 - INFO - Current time: Wed Dec 15 15:24:23 2021
2021-12-15 15:24:23,381 - INFO - Current time: Wed Dec 15 15:24:23 2021
2021-12-15 15:24:23,490 - INFO - Current time: Wed Dec 15 15:24:23 2021
2021-12-15 15:24:23,597 - INFO - Current time: Wed Dec 15 15:24:23 2021
2021-12-15 15:24:23,706 - INFO - Current time: Wed Dec 15 15:24:23 2021
2021-12-15 15:24:23,815 - INFO - Current time: Wed Dec 15 15:24:23 2021
2021-12-15 15:24:23,926 - INFO - Current time: Wed Dec 15 15:24:23 2021
2021-12-15 15:24:24,035 - INFO - Current time: Wed Dec 15 15:24:24 2021
2021-12-15 15:24:24,143 - INFO - Current time: Wed Dec 15 15:24:24 2021
2021-12-15 15:24:24,254 - INFO - Current time: Wed Dec 15 15:24:24 2021
2021-12-15 15:24:24,365 - INFO - Current time: Wed Dec 15 15:24:24 2021
2021-12-15 15:24:24,474 - INFO - Current time: Wed Dec 15 15:24:24 2021
2021-12-15 15:24:41,387 - INFO - Current time: Wed Dec 15 15:24:41 2021
2021-12-15 15:24:43,399 - INFO - Current time: Wed Dec 15 15:24:43 2021
2021-12-15 15:24:45,406 - INFO - Current time: Wed Dec 15 15:24:45 2021
2021-12-15 15:24:56,147 - INFO - Current time: Wed Dec 15 15:24:56 2021
2021-12-15 15:24:58,168 - INFO - Current time: Wed Dec 15 15:24:58 2021
2021-12-15 15:25:00,180 - INFO - Current time: Wed Dec 15 15:25:00 2021
2021-12-15 15:25:07,914 - INFO - Current time: Wed Dec 15 15:25:07 2021
2021-12-15 15:25:08,132 - INFO - Current time: Wed Dec 15 15:25:08 2021
2021-12-15 15:25:08,335 - INFO - Current time: Wed Dec 15 15:25:08 2021
2021-12-15 15:25:08,537 - INFO - Current time: Wed Dec 15 15:25:08 2021
2021-12-15 15:25:08,741 - INFO - Current time: Wed Dec 15 15:25:08 2021
2021-12-15 15:25:08,958 - INFO - Current time: Wed Dec 15 15:25:08 2021
2021-12-15 15:25:09,161 - INFO - Current time: Wed Dec 15 15:25:09 2021
2021-12-15 15:25:09,365 - INFO - Current time: Wed Dec 15 15:25:09 2021
2021-12-15 15:25:09,567 - INFO - Current time: Wed Dec 15 15:25:09 2021
2021-12-15 15:33:11,431 - INFO - Current time: Wed Dec 15 15:33:11 2021
2021-12-15 15:33:11,650 - INFO - Current time: Wed Dec 15 15:33:11 2021
2021-12-15 15:33:11,868 - INFO - Current time: Wed Dec 15 15:33:11 2021
2021-12-15 15:33:12,085 - INFO - Current time: Wed Dec 15 15:33:12 2021
2021-12-15 15:33:12,301 - INFO - Current time: Wed Dec 15 15:33:12 2021
2021-12-15 15:33:12,503 - INFO - Current time: Wed Dec 15 15:33:12 2021
2021-12-15 15:33:12,708 - INFO - Current time: Wed Dec 15 15:33:12 2021
2021-12-15 15:33:12,909 - INFO - Current time: Wed Dec 15 15:33:12 2021
2021-12-15 15:33:13,111 - INFO - Current time: Wed Dec 15 15:33:13 2021
2021-12-15 15:33:13,314 - INFO - Current time: Wed Dec 15 15:33:13 2021
2021-12-15 15:33:13,517 - INFO - Current time: Wed Dec 15 15:33:13 2021
2021-12-15 15:33:13,721 - INFO - Current time: Wed Dec 15 15:33:13 2021
2021-12-15 15:33:13,924 - INFO - Current time: Wed Dec 15 15:33:13 2021
2021-12-15 15:33:14,129 - INFO - Current time: Wed Dec 15 15:33:14 2021
2021-12-15 15:33:14,332 - INFO - Current time: Wed Dec 15 15:33:14 2021
2021-12-15 15:34:36,102 - INFO - Current time: Wed Dec 15 15:34:36 2021
2021-12-15 15:34:36,306 - INFO - Current time: Wed Dec 15 15:34:36 2021
2021-12-15 15:34:36,522 - INFO - Current time: Wed Dec 15 15:34:36 2021
2021-12-15 15:34:36,724 - INFO - Current time: Wed Dec 15 15:34:36 2021
2021-12-15 15:34:36,941 - INFO - Current time: Wed Dec 15 15:34:36 2021
2021-12-15 15:34:37,146 - INFO - Current time: Wed Dec 15 15:34:37 2021
2021-12-15 15:34:37,348 - INFO - Current time: Wed Dec 15 15:34:37 2021
2021-12-15 15:34:37,566 - INFO - Current time: Wed Dec 15 15:34:37 2021
2021-12-15 15:34:37,768 - INFO - Current time: Wed Dec 15 15:34:37 2021
2021-12-15 15:34:37,973 - INFO - Current time: Wed Dec 15 15:34:37 2021
2021-12-15 15:34:38,189 - INFO - Current time: Wed Dec 15 15:34:38 2021
2021-12-15 15:34:38,392 - INFO - Current time: Wed Dec 15 15:34:38 2021
2021-12-15 15:34:38,596 - INFO - Current time: Wed Dec 15 15:34:38 2021
2021-12-15 15:34:38,799 - INFO - Current time: Wed Dec 15 15:34:38 2021
2021-12-15 15:35:03,778 - INFO -  Initialization...
2021-12-15 15:35:03,793 - INFO -  Available Systems IDs: [0]
2021-12-15 15:35:03,794 - INFO -  No systems detected: 3 SA_NO_SYSTEMS_FOUND_ERROR
2021-12-15 15:35:03,794 - INFO -  Check if MCS-3D is turned on. Check USB connexion.
2021-12-15 15:35:04,322 - INFO - Error. 2 SA_NOT_INITIALIZED_ERROR
2021-12-15 15:35:04,322 - INFO - Error. 2 SA_NOT_INITIALIZED_ERROR
2021-12-15 15:35:04,322 - INFO - Error. 2 SA_NOT_INITIALIZED_ERROR
2021-12-15 15:35:04,325 - INFO - Lol
